// Jest Snapshot v1, https://goo.gl/fbAQLP

exports[`Home.vue Renders correctly 1`] = `
<div>
  <section
    class="box-search"
  >
    <div
      class="container"
    >
      <h1>
        FIND YOUR MOVIE
      </h1>
       
      <form
        class="search"
      >
        <div
          class="search__input"
        >
          <input
            class="input"
            placeholder="Search"
            type="text"
          />
        </div>
         
        <button
          class="button large"
          type="submit"
        >
          Search
        </button>
      </form>
       
      <div
        class="sort"
      >
        <div
          class="sort__label"
        >
          Search by
        </div>
         
        <div
          class="button-group"
        >
          <button
            class="button active"
            type="button"
          >
            
            Title
          
          </button>
           
          <button
            class="button"
            type="button"
          >
            
            Genre
          
          </button>
        </div>
      </div>
    </div>
  </section>
   
  <section
    class="box-gallery"
  >
    <div
      class="box-gallery__top"
    >
      <div
        class="container"
      >
        <!---->
         
        <div
          class="sort"
        >
          <div
            class="sort__label"
          >
            Sort by
          </div>
           
          <div
            class="button-group"
          >
            <button
              class="button active"
              type="button"
            >
              
              Release date
            
            </button>
             
            <button
              class="button"
              type="button"
            >
              
              Rating
            
            </button>
          </div>
        </div>
      </div>
    </div>
     
    <div
      class="container"
    >
      <div
        class="placeholder"
      >
        <h2>
          No films found
        </h2>
      </div>
    </div>
  </section>
</div>
`;
