// Jest Snapshot v1, https://goo.gl/fbAQLP

exports[`TheHeader.vue Renders correctly 1`] = `
<header
  class="header"
>
  <div
    class="container"
  >
    <the-logo-stub />
     
    <router-link-stub
      class="header__icon"
      to="/"
    >
      <img
        alt="Search icon"
        src="../assets/icon-search.svg"
      />
    </router-link-stub>
  </div>
</header>
`;
